
Allocating common symbols
Common symbol       size              file

netbufpool          0x4               binaries/net.o
readylist           0x2               binaries/ready.o
rfltab              0x5a0             binaries/rflinit.o
sleepq              0x2               binaries/clkinit.o
nnames              0x4               binaries/naminit.o
udptab              0x168             binaries/udp.o
minheap             0x4               binaries/meminit.o
marks               0x50              binaries/mark.o
currpid             0x4               binaries/initialize.o
Lf_data             0x20c             binaries/lfsinit.o
porttab             0x2d0             binaries/ptinit.o
girmask             0x2               binaries/evec.o
ttytab              0x10c             binaries/ttyinit.o
proctab             0x1f40            binaries/initialize.o
prcount             0x4               binaries/initialize.o
mbuf                0x4               binaries/initialize.o
lfltab              0xf00             binaries/lflinit.o
rdstab              0x8c              binaries/rdsinit.o
ethertab            0x138             binaries/ethinit.o
NetData             0xa8              binaries/net.o
nmarks              0x4               binaries/mark.o
Defer               0x8               binaries/resched.o
semtab              0x4b0             binaries/initialize.o
maxheap             0x4               binaries/meminit.o
preempt             0x4               binaries/clkinit.o
buftab              0xf0              binaries/bufinit.o
Rf_data             0x18              binaries/rfsinit.o
mkmutex             0x4               binaries/mark.o
clktime             0x4               binaries/clkinit.o
arpcache            0x140             binaries/arp.o
icmptab             0x230             binaries/icmp.o
nbpools             0x4               binaries/bufinit.o
queuetab            0x980             binaries/queue.o
ptnextid            0x4               binaries/ptinit.o
Ram                 0x19000           binaries/raminit.o
ipoqueue            0x2c              binaries/ip.o
blkqueuetab         0x980             binaries/blkQueue.o
memlist             0x8               binaries/initialize.o
nametab             0x19a0            binaries/naminit.o
ptfree              0x4               binaries/ptinit.o

Memory Configuration

Name             Origin             Length             Attributes
*default*        0x0000000000000000 0xffffffffffffffff

Linker script and memory map

                0x0000000000100000                physbase = 0x100000
                0x0000000000100000                . = physbase
                0x0000000000100000                . = ALIGN (0x1000)

.text           0x0000000000100000    0x14000
                0x0000000000100000                text = ABSOLUTE (.)
 *(.text .text.*)
 .text          0x0000000000100000      0x1a8 binaries/start.o
                0x0000000000100024                start
                0x00000000001000f6                inb
                0x00000000001000fe                inw
                0x0000000000100107                inl
                0x000000000010010f                outb
                0x0000000000100119                outw
                0x0000000000100124                outl
                0x000000000010012e                _rtcin
                0x0000000000100139                ___udivsi3
                0x0000000000100144                ___divsi3
                0x0000000000100150                sbzero
                0x0000000000100160                bcopy
                0x0000000000100174                insw
                0x000000000010018a                outsw
                0x00000000001001a0                lidt
 .text          0x00000000001001a8      0x2d5 binaries/ascdate.o
                0x00000000001001a8                ascdate
 .text          0x000000000010047d       0x89 binaries/blkGet.o
                0x000000000010047d                blkGetFirst
                0x00000000001004bf                blkGetLast
 .text          0x0000000000100506       0xdc binaries/blkQueue.o
                0x0000000000100506                blkEnqueue
                0x0000000000100577                blkDequeue
 .text          0x00000000001005e2       0x10 binaries/bufinit.o
                0x00000000001005e2                bufinit
 .text          0x00000000001005f2       0x7e binaries/cbreg.o
                0x00000000001005f2                cbreg
 .text          0x0000000000100670       0x65 binaries/chprio.o
                0x0000000000100670                chprio
 .text          0x00000000001006d5       0x73 binaries/clkhandler.o
                0x00000000001006d5                clkhandler
 .text          0x0000000000100748       0x59 binaries/clkinit.o
                0x0000000000100748                clkinit
 .text          0x00000000001007a1       0x56 binaries/close.o
                0x00000000001007a1                close
 .text          0x00000000001007f7        0x0 binaries/conf.o
 .text          0x00000000001007f7       0x5f binaries/control.o
                0x00000000001007f7                control
 .text          0x0000000000100856      0x228 binaries/create.o
                0x0000000000100856                create
 .text          0x0000000000100a7e      0x205 binaries/early_imr.o
                0x0000000000100a7e                intel_cln_early_sb_read_reg
                0x0000000000100ad6                intel_cln_early_sb_write_reg
                0x0000000000100b85                remove_irm_protections
 .text          0x0000000000100c83      0x2d6 binaries/evec.o
                0x0000000000100c83                setirmask
                0x0000000000100cb7                set_evec
                0x0000000000100d13                initevec
                0x0000000000100de2                trap
 .text          0x0000000000100f59       0x78 binaries/freebuf.o
                0x0000000000100f59                freebuf
 .text          0x0000000000100fd1      0x107 binaries/freemem.o
                0x0000000000100fd1                freemem
 .text          0x00000000001010d8       0x65 binaries/getbuf.o
                0x00000000001010d8                getbuf
 .text          0x000000000010113d       0x56 binaries/getc.o
                0x000000000010113d                getc
 .text          0x0000000000101193       0x63 binaries/getdev.o
                0x0000000000101193                getdev
 .text          0x00000000001011f6       0x77 binaries/getitem.o
                0x00000000001011f6                getitem
                0x0000000000101222                getfirst
                0x0000000000101245                getlast
 .text          0x000000000010126d       0xc2 binaries/getmem.o
                0x000000000010126d                getmem
 .text          0x000000000010132f       0x5e binaries/getNewQueue.o
                0x000000000010132f                getNewQueue
 .text          0x000000000010138d        0x6 binaries/getpid.o
                0x000000000010138d                getpid
 .text          0x0000000000101393       0x56 binaries/getprio.o
                0x0000000000101393                getprio
 .text          0x00000000001013e9       0xa5 binaries/getstk.o
                0x00000000001013e9                getstk
 .text          0x000000000010148e       0x34 binaries/gettime.o
                0x000000000010148e                gettime
 .text          0x00000000001014c2      0x191 binaries/getutime.o
                0x00000000001014c2                getutime
 .text          0x0000000000101653       0x56 binaries/init.o
                0x0000000000101653                init
 .text          0x00000000001016a9      0x240 binaries/initialize.o
                0x00000000001016a9                nulluser
                0x00000000001018a4                stop
                0x00000000001018c6                delay
 .text          0x00000000001018e9       0x98 binaries/insert.o
                0x00000000001018e9                insert
 .text          0x0000000000101981       0xe1 binaries/insertd.o
                0x0000000000101981                insertd
 .text          0x0000000000101a62        0x6 binaries/ioerr.o
                0x0000000000101a62                ioerr
 .text          0x0000000000101a68        0x6 binaries/ionull.o
                0x0000000000101a68                ionull
 .text          0x0000000000101a6e      0x15c binaries/kill.o
                0x0000000000101a6e                kill
 .text          0x0000000000101bca       0xa5 binaries/kprintf.o
                0x0000000000101bca                kputc
                0x0000000000101bf9                console_init
                0x0000000000101c2b                kgetc
                0x0000000000101c4d                kprintf
 .text          0x0000000000101c6f      0x1aa binaries/main.o
                0x0000000000101c6f                mrecv_cb
                0x0000000000101c94                sendAsync
                0x0000000000101cd7                main
                0x0000000000101dde                receiveMessage
                0x0000000000101e05                sendMessage
 .text          0x0000000000101e19       0x93 binaries/mark.o
                0x0000000000101e19                markinit
                0x0000000000101e36                mark
 .text          0x0000000000101eac      0x1d7 binaries/meminit.o
                0x0000000000101eac                meminit
                0x0000000000102015                setsegs
 .text          0x0000000000102083      0x12a binaries/mkbufpool.o
                0x0000000000102083                mkbufpool
 .text          0x00000000001021ad       0x5e binaries/newqueue.o
                0x00000000001021ad                newqueue
 .text          0x000000000010220b       0x5e binaries/open.o
                0x000000000010220b                open
 .text          0x0000000000102269       0x1e binaries/panic.o
                0x0000000000102269                panic
 .text          0x0000000000102287      0x27c binaries/pci.o
                0x0000000000102287                pci_init
                0x000000000010228d                find_pci_device
                0x000000000010234b                pci_read_config_byte
                0x0000000000102388                pci_read_config_word
                0x00000000001023c7                pci_read_config_dword
                0x0000000000102404                pci_write_config_byte
                0x000000000010243f                pci_write_config_word
                0x000000000010247b                pci_write_config_dword
                0x00000000001024b6                pci_get_dev_mmio_base_addr
 .text          0x0000000000102503       0x4f binaries/platinit.o
                0x0000000000102503                platinit
 .text          0x0000000000102552       0xa3 binaries/ptclear.o
                0x0000000000102552                _ptclear
 .text          0x00000000001025f5       0x7c binaries/ptcount.o
                0x00000000001025f5                ptcount
 .text          0x0000000000102671       0xeb binaries/ptcreate.o
                0x0000000000102671                ptcreate
 .text          0x000000000010275c       0x64 binaries/ptdelete.o
                0x000000000010275c                ptdelete
 .text          0x00000000001027c0       0x88 binaries/ptinit.o
                0x00000000001027c0                ptinit
 .text          0x0000000000102848       0xec binaries/ptrecv.o
                0x0000000000102848                ptrecv
 .text          0x0000000000102934       0x67 binaries/ptreset.o
                0x0000000000102934                ptreset
 .text          0x000000000010299b      0x10d binaries/ptsend.o
                0x000000000010299b                ptsend
 .text          0x0000000000102aa8       0x5c binaries/putc.o
                0x0000000000102aa8                putc
 .text          0x0000000000102b04       0xb6 binaries/quark_irq.o
                0x0000000000102b04                quark_irq_routing
 .text          0x0000000000102bba      0x19d binaries/quark_pdat.o
                0x0000000000102bba                get_quark_pdat_entry_data_by_id
                0x0000000000102c87                get_quark_pdat_entry_data_by_desc
 .text          0x0000000000102d57       0xab binaries/queue.o
                0x0000000000102d57                enqueue
                0x0000000000102db7                dequeue
 .text          0x0000000000102e02       0x5e binaries/read.o
                0x0000000000102e02                read
 .text          0x0000000000102e60       0x63 binaries/ready.o
                0x0000000000102e60                ready
 .text          0x0000000000102ec3       0xae binaries/receive.o
                0x0000000000102ec3                receive
 .text          0x0000000000102f71       0xa3 binaries/recvclr.o
                0x0000000000102f71                recvclr
 .text          0x0000000000103014      0x109 binaries/recvtime.o
                0x0000000000103014                recvtime
 .text          0x000000000010311d      0x15e binaries/resched.o
                0x000000000010311d                resched
                0x0000000000103208                resched_cntl
 .text          0x000000000010327b       0x77 binaries/resume.o
                0x000000000010327b                resume
 .text          0x00000000001032f2       0x5a binaries/seek.o
                0x00000000001032f2                seek
 .text          0x000000000010334c       0x4f binaries/semcount.o
                0x000000000010334c                semcount
 .text          0x000000000010339b       0x86 binaries/semcreate.o
                0x000000000010339b                semcreate
 .text          0x0000000000103421       0xc3 binaries/semdelete.o
                0x0000000000103421                semdelete
 .text          0x00000000001034e4       0xa7 binaries/semreset.o
                0x00000000001034e4                semreset
 .text          0x000000000010358b      0x100 binaries/sendblk.o
                0x000000000010358b                sendblk
 .text          0x000000000010368b       0xd2 binaries/send.o
                0x000000000010368b                send
 .text          0x000000000010375d       0x95 binaries/signal.o
                0x000000000010375d                signal
 .text          0x00000000001037f2       0xb2 binaries/signaln.o
                0x00000000001037f2                signaln
 .text          0x00000000001038a4       0xc3 binaries/sleep.o
                0x00000000001038a4                sleepms
                0x0000000000103931                sleep
 .text          0x0000000000103967       0xb2 binaries/suspend.o
                0x0000000000103967                suspend
 .text          0x0000000000103a19       0x92 binaries/unsleep.o
                0x0000000000103a19                unsleep
 .text          0x0000000000103aab       0x15 binaries/userret.o
                0x0000000000103aab                userret
 .text          0x0000000000103ac0       0xac binaries/wait.o
                0x0000000000103ac0                wait
 .text          0x0000000000103b6c       0x6d binaries/wakeup.o
                0x0000000000103b6c                wakeup
 .text          0x0000000000103bd9       0x5e binaries/write.o
                0x0000000000103bd9                write
 .text          0x0000000000103c37       0x16 binaries/xdone.o
                0x0000000000103c37                xdone
 .text          0x0000000000103c4d       0x23 binaries/yield.o
                0x0000000000103c4d                yield
 .text          0x0000000000103c70        0xe binaries/abs.o
                0x0000000000103c70                abs
 .text          0x0000000000103c7e       0x7d binaries/atoi.o
                0x0000000000103c7e                atoi
 .text          0x0000000000103cfb       0x7d binaries/atol.o
                0x0000000000103cfb                atol
 .text          0x0000000000103d78       0x18 binaries/bzero.o
                0x0000000000103d78                bzero
 .text          0x0000000000103d90        0x0 binaries/ctype_.o
 .text          0x0000000000103d90      0x6e7 binaries/doprnt.o
                0x0000000000103ee4                _doprnt
 .text          0x0000000000104477      0x678 binaries/doscan.o
                0x0000000000104477                _doscan
 .text          0x0000000000104aef      0x6a9 binaries/fdoprnt.o
                0x0000000000104b73                _fdoprnt
 .text          0x0000000000105198       0x1c binaries/fgetc.o
                0x0000000000105198                fgetc
 .text          0x00000000001051b4       0x5c binaries/fgets.o
                0x00000000001051b4                fgets
 .text          0x0000000000105210       0x23 binaries/fprintf.o
                0x0000000000105210                fprintf
 .text          0x0000000000105233       0x29 binaries/fputc.o
                0x0000000000105233                fputc
 .text          0x000000000010525c       0x3b binaries/fputs.o
                0x000000000010525c                fputs
 .text          0x0000000000105297       0x6a binaries/fscanf.o
                0x00000000001052d1                fscanf
 .text          0x0000000000105301       0x1f binaries/getchar.o
                0x0000000000105301                getchar
 .text          0x0000000000105320        0xe binaries/labs.o
                0x0000000000105320                labs
 .text          0x000000000010532e       0x32 binaries/memchr.o
                0x000000000010532e                memchr
 .text          0x0000000000105360       0x49 binaries/memcmp.o
                0x0000000000105360                memcmp
 .text          0x00000000001053a9       0x25 binaries/memcpy.o
                0x00000000001053a9                memcpy
 .text          0x00000000001053ce       0x1e binaries/memset.o
                0x00000000001053ce                memset
 .text          0x00000000001053ec       0x32 binaries/printf.o
                0x00000000001053ec                printf
 .text          0x000000000010541e       0x23 binaries/putchar.o
                0x000000000010541e                putchar
 .text          0x0000000000105441      0x1cb binaries/qsort.o
                0x00000000001055e1                qsort
 .text          0x000000000010560c       0x45 binaries/rand.o
                0x000000000010560c                srand
                0x0000000000105616                rand
 .text          0x0000000000105651       0x49 binaries/sprintf.o
                0x0000000000105668                sprintf
 .text          0x000000000010569a       0x57 binaries/sscanf.o
                0x00000000001056c3                sscanf
 .text          0x00000000001056f1       0x2d binaries/strchr.o
                0x00000000001056f1                strchr
 .text          0x000000000010571e       0x43 binaries/strcmp.o
                0x000000000010571e                strcmp
 .text          0x0000000000105761       0x1a binaries/strcpy.o
                0x0000000000105761                strcpy
 .text          0x000000000010577b       0x1c binaries/strlen.o
                0x000000000010577b                strlen
 .text          0x0000000000105797       0x3c binaries/strncat.o
                0x0000000000105797                strncat
 .text          0x00000000001057d3       0x3a binaries/strncmp.o
                0x00000000001057d3                strncmp
 .text          0x000000000010580d       0x58 binaries/strncpy.o
                0x000000000010580d                strncpy
 .text          0x0000000000105865       0x36 binaries/strnlen.o
                0x0000000000105865                strnlen
 .text          0x000000000010589b       0x30 binaries/strrchr.o
                0x000000000010589b                strrchr
 .text          0x00000000001058cb       0x66 binaries/strstr.o
                0x00000000001058cb                strstr
 .text          0x0000000000105931      0x10a binaries/ttycontrol.o
                0x0000000000105931                ttycontrol
 .text          0x0000000000105a3b       0xaa binaries/ttygetc.o
                0x0000000000105a3b                ttygetc
 .text          0x0000000000105ae5      0x48a binaries/ttyhandle_in.o
                0x0000000000105b9b                ttyhandle_in
 .text          0x0000000000105f6f      0x14c binaries/ttyhandle_out.o
                0x0000000000105f6f                ttyhandle_out
 .text          0x00000000001060bb       0x84 binaries/ttyhandler.o
                0x00000000001060bb                ttyhandler
 .text          0x000000000010613f      0x15a binaries/ttyinit.o
                0x000000000010613f                ttyinit
 .text          0x0000000000106299        0xc binaries/ttykickout.o
                0x0000000000106299                ttykickout
 .text          0x00000000001062a5       0xac binaries/ttyputc.o
                0x00000000001062a5                ttyputc
 .text          0x0000000000106351       0xf3 binaries/ttyread.o
                0x0000000000106351                ttyread
 .text          0x0000000000106444       0x46 binaries/ttywrite.o
                0x0000000000106444                ttywrite
 .text          0x000000000010648a      0x125 binaries/mount.o
                0x000000000010648a                namlen
                0x00000000001064c2                mount
 .text          0x00000000001065af      0x196 binaries/naminit.o
                0x00000000001065af                naminit
 .text          0x0000000000106745      0x1ff binaries/nammap.o
                0x0000000000106745                namrepl
                0x0000000000106866                namcpy
                0x00000000001068b3                nammap
 .text          0x0000000000106944       0x4e binaries/namopen.o
                0x0000000000106944                namopen
 .text          0x0000000000106992       0xce binaries/colon2mac.o
                0x0000000000106992                colon2mac
 .text          0x0000000000106a60       0x81 binaries/ethcontrol.o
                0x0000000000106a60                ethcontrol
 .text          0x0000000000106ae1      0x162 binaries/ethhandler.o
                0x0000000000106ae1                ethhandler
 .text          0x0000000000106c43      0x500 binaries/ethinit.o
                0x0000000000106c43                eth_phy_read
                0x0000000000106c80                eth_phy_write
                0x0000000000106cc0                eth_phy_reset
                0x0000000000106d9a                ethinit
 .text          0x0000000000107143       0xee binaries/ethmcast.o
                0x0000000000107143                ethmcast_add
                0x0000000000107190                ethmcast_remove
 .text          0x0000000000107231      0x14f binaries/ethread.o
                0x0000000000107231                ethread
 .text          0x0000000000107380       0xc3 binaries/ethwrite.o
                0x0000000000107380                ethwrite
 .text          0x0000000000107443       0x66 binaries/rdsbufalloc.o
                0x0000000000107443                rdsbufalloc
 .text          0x00000000001074a9       0xc2 binaries/rdsclose.o
                0x00000000001074a9                rdsclose
 .text          0x000000000010756b      0x1ea binaries/rdscomm.o
                0x000000000010756b                rdscomm
 .text          0x0000000000107755      0x1c2 binaries/rdscontrol.o
                0x0000000000107755                rdscontrol
 .text          0x0000000000107917      0x1e3 binaries/rdsinit.o
                0x0000000000107917                rdsinit
 .text          0x0000000000107afa      0x1a1 binaries/rdsopen.o
                0x0000000000107afa                rdsopen
 .text          0x0000000000107c9b      0x2ab binaries/rdsprocess.o
                0x0000000000107c9b                rdsprocess
 .text          0x0000000000107f46      0x1e2 binaries/rdsread.o
                0x0000000000107f46                rdsread
 .text          0x0000000000108128      0x1ac binaries/rdswrite.o
                0x0000000000108128                rdswrite
 .text          0x00000000001082d4        0x6 binaries/ramclose.o
                0x00000000001082d4                ramclose
 .text          0x00000000001082da       0x34 binaries/raminit.o
                0x00000000001082da                raminit
 .text          0x000000000010830e        0x7 binaries/ramopen.o
                0x000000000010830e                ramopen
 .text          0x0000000000108315       0x27 binaries/ramread.o
                0x0000000000108315                ramread
 .text          0x000000000010833c       0x27 binaries/ramwrite.o
                0x000000000010833c                ramwrite
 .text          0x0000000000108363       0x87 binaries/lfdballoc.o
                0x0000000000108363                lfdballoc
 .text          0x00000000001083ea       0x4d binaries/lfdbfree.o
                0x00000000001083ea                lfdbfree
 .text          0x0000000000108437       0x9f binaries/lfflush.o
                0x0000000000108437                lfflush
 .text          0x00000000001084d6       0x7a binaries/lfgetmode.o
                0x00000000001084d6                lfgetmode
 .text          0x0000000000108550       0x5f binaries/lfiballoc.o
                0x0000000000108550                lfiballoc
 .text          0x00000000001085af       0x25 binaries/lfibclear.o
                0x00000000001085af                lfibclear
 .text          0x00000000001085d4       0x74 binaries/lfibget.o
                0x00000000001085d4                lfibget
 .text          0x0000000000108648       0x91 binaries/lfibput.o
                0x0000000000108648                lfibput
 .text          0x00000000001086d9       0xa1 binaries/lflclose.o
                0x00000000001086d9                lflclose
 .text          0x000000000010877a       0xbe binaries/lflcontrol.o
                0x000000000010877a                lflcontrol
 .text          0x0000000000108838       0xf8 binaries/lflgetc.o
                0x0000000000108838                lflgetc
 .text          0x0000000000108930       0xe4 binaries/lflinit.o
                0x0000000000108930                lflinit
 .text          0x0000000000108a14      0x123 binaries/lflputc.o
                0x0000000000108a14                lflputc
 .text          0x0000000000108b37       0x6a binaries/lflread.o
                0x0000000000108b37                lflread
 .text          0x0000000000108ba1       0xb8 binaries/lflseek.o
                0x0000000000108ba1                lflseek
 .text          0x0000000000108c59       0x4e binaries/lflwrite.o
                0x0000000000108c59                lflwrite
 .text          0x0000000000108ca7      0x11a binaries/lfsckfmt.o
                0x0000000000108ca7                lfsckfmt
 .text          0x0000000000108dc1      0x1bd binaries/lfscreate.o
                0x0000000000108dc1                lfscreate
 .text          0x0000000000108f7e      0x1a4 binaries/lfsetup.o
                0x0000000000108f7e                lfsetup
 .text          0x0000000000109122       0x44 binaries/lfsinit.o
                0x0000000000109122                lfsinit
 .text          0x0000000000109166      0x2ff binaries/lfsopen.o
                0x0000000000109166                lfsopen
 .text          0x0000000000109465      0x11d binaries/lftruncate.o
                0x0000000000109465                lftruncate
 .text          0x0000000000109582       0x69 binaries/rflclose.o
                0x0000000000109582                rflclose
 .text          0x00000000001095eb       0x2b binaries/rflgetc.o
                0x00000000001095eb                rflgetc
 .text          0x0000000000109616       0x69 binaries/rflinit.o
                0x0000000000109616                rflinit
 .text          0x000000000010967f       0x2c binaries/rflputc.o
                0x000000000010967f                rflputc
 .text          0x00000000001096ab      0x2ce binaries/rflread.o
                0x00000000001096ab                rflread
 .text          0x0000000000109979       0x69 binaries/rflseek.o
                0x0000000000109979                rflseek
 .text          0x00000000001099e2      0x2ec binaries/rflwrite.o
                0x00000000001099e2                rflwrite
 .text          0x0000000000109cce      0x17c binaries/rfscomm.o
                0x0000000000109cce                rfscomm
 .text          0x0000000000109e4a      0x246 binaries/rfscontrol.o
                0x0000000000109e4a                rfscontrol
 .text          0x000000000010a090       0x7a binaries/rfsgetmode.o
                0x000000000010a090                rfsgetmode
 .text          0x000000000010a10a       0x7d binaries/rfsinit.o
                0x000000000010a10a                rfsinit
 .text          0x000000000010a187       0xb7 binaries/rfsndmsg.o
                0x000000000010a187                rfsndmsg
 .text          0x000000000010a23e      0x24f binaries/rfsopen.o
                0x000000000010a23e                rfsopen
 .text          0x000000000010a48d      0x619 binaries/arp.o
                0x000000000010a48d                arp_init
                0x000000000010a4a5                arp_alloc
                0x000000000010a549                arp_ntoh
                0x000000000010a5b3                arp_hton
                0x000000000010a61d                arp_resolve
                0x000000000010a86f                arp_in
 .text          0x000000000010aaa6      0x59d binaries/dhcp.o
                0x000000000010aaa6                dhcp_get_opt_val
                0x000000000010aaf9                dhcp_bld_bootp_msg
                0x000000000010abc7                dhcp_bld_disc
                0x000000000010ac17                dhcp_bld_req
                0x000000000010acb1                getlocalip
 .text          0x000000000010b043       0xd7 binaries/dot2ip.o
                0x000000000010b043                dot2ip
 .text          0x000000000010b11a      0x379 binaries/hexdump.o
                0x000000000010b11a                hexdump
                0x000000000010b26a                hexadump
 .text          0x000000000010b493      0x6dc binaries/icmp.o
                0x000000000010b493                icmp_init
                0x000000000010b4ab                icmp_register
                0x000000000010b569                icmp_recv
                0x000000000010b70c                icmp_mkpkt
                0x000000000010b7dd                icmp_in
                0x000000000010b970                icmp_send
                0x000000000010b9df                icmp_release
                0x000000000010baee                icmp_cksum
                0x000000000010bb47                icmp_hton
                0x000000000010bb5b                icmp_ntoh
 .text          0x000000000010bb6f      0x5ca binaries/ip.o
                0x000000000010bb6f                ip_local
                0x000000000010bbaf                ipcksum
                0x000000000010bbfc                ip_ntoh
                0x000000000010bc66                ip_in
                0x000000000010bd89                ip_hton
                0x000000000010bdf3                ip_out
                0x000000000010bea6                ip_send
                0x000000000010bfb2                ipout
                0x000000000010c0a2                ip_enqueue
 .text          0x000000000010c139      0x1a8 binaries/net.o
                0x000000000010c139                net_init
                0x000000000010c22f                eth_hton
                0x000000000010c239                eth_ntoh
                0x000000000010c243                netin
 .text          0x000000000010c2e1       0xb3 binaries/netstart.o
                0x000000000010c2e1                netstart
 .text          0x000000000010c394      0xa2d binaries/pdump.o
                0x000000000010c394                pdump
                0x000000000010c978                pdumph
 .text          0x000000000010cdc1      0x5c8 binaries/tftp.o
                0x000000000010cdc1                tftp_send1
                0x000000000010cedd                tftpget_mb
                0x000000000010d362                tftpget
 .text          0x000000000010d389      0x9fe binaries/udp.o
                0x000000000010d389                udp_init
                0x000000000010d3c6                udp_in
                0x000000000010d4e5                udp_register
                0x000000000010d602                udp_recv
                0x000000000010d78f                udp_recvaddr
                0x000000000010d930                udp_send
                0x000000000010daeb                udp_sendto
                0x000000000010dc5e                udp_release
                0x000000000010dd5f                udp_ntoh
                0x000000000010dd73                udp_hton
 .text          0x000000000010dd87      0x12e binaries/addargs.o
                0x000000000010dd87                addargs
 .text          0x000000000010deb5      0x1e2 binaries/lexan.o
                0x000000000010deb5                lexan
 .text          0x000000000010e097      0x5b0 binaries/shell.o
                0x000000000010e097                shell
 .text          0x000000000010e647       0x57 binaries/xsh_argecho.o
                0x000000000010e647                xsh_argecho
 .text          0x000000000010e69e      0x1f8 binaries/xsh_arp.o
                0x000000000010e69e                xsh_arp
 .text          0x000000000010e896      0x1ea binaries/xsh_cat.o
                0x000000000010e896                xsh_cat
 .text          0x000000000010ea80       0x53 binaries/xsh_clear.o
                0x000000000010ea80                xsh_clear
 .text          0x000000000010ead3      0x26e binaries/xsh_date.o
                0x000000000010ead3                xsh_date
 .text          0x000000000010ed41       0x83 binaries/xsh_devdump.o
                0x000000000010ed41                xsh_devdump
 .text          0x000000000010edc4       0x5e binaries/xsh_echo.o
                0x000000000010edc4                xsh_echo
 .text          0x000000000010ee22        0x6 binaries/xsh_exit.o
                0x000000000010ee22                xsh_exit
 .text          0x000000000010ee28      0x326 binaries/xsh_help.o
                0x000000000010ee28                xsh_help
 .text          0x000000000010f14e      0x379 binaries/xsh_ipaddr.o
                0x000000000010f14e                xsh_ipaddr
 .text          0x000000000010f4c7      0x1c1 binaries/xsh_kill.o
                0x000000000010f4c7                xsh_kill
 .text          0x000000000010f688      0x3d1 binaries/xsh_memdump.o
                0x000000000010f74a                xsh_memdump
 .text          0x000000000010fa59      0x1cb binaries/xsh_memstat.o
                0x000000000010fa59                xsh_memstat
 .text          0x000000000010fc24      0x29b binaries/xsh_ping.o
                0x000000000010fc24                xsh_ping
 .text          0x000000000010febf      0x1a0 binaries/xsh_ps.o
                0x000000000010febf                xsh_ps
 .text          0x000000000011005f      0x1ab binaries/xsh_sleep.o
                0x000000000011005f                xsh_sleep
 .text          0x000000000011020a      0x1cc binaries/xsh_udpdump.o
                0x000000000011020a                xsh_udpdump
 .text          0x00000000001103d6      0x3ca binaries/xsh_udpecho.o
                0x00000000001103d6                xsh_udpecho
 .text          0x00000000001107a0      0x21b binaries/xsh_udpeserver.o
                0x00000000001107a0                xsh_udpeserver
 .text          0x00000000001109bb      0x1b4 binaries/xsh_uptime.o
                0x00000000001109bb                xsh_uptime
 .text          0x0000000000110b6f        0xe binaries/clkdisp.o
                0x0000000000110b6f                clkdisp
 .text          0x0000000000110b7d       0x19 binaries/ctxsw.o
                0x0000000000110b7d                ctxsw
 .text          0x0000000000110b96      0x368 binaries/intr.o
                0x0000000000110b96                disable
                0x0000000000110b9f                restore
                0x0000000000110bad                enable
                0x0000000000110baf                pause
                0x0000000000110bb6                halt
                0x0000000000110bb9                spurious_irq7
                0x0000000000110bbe                spurious_irq15
                0x0000000000110bcd                _Xint0
                0x0000000000110bd8                _Xint1
                0x0000000000110be3                _Xint2
                0x0000000000110bee                _Xint3
                0x0000000000110bf9                _Xint4
                0x0000000000110c04                _Xint5
                0x0000000000110c0f                _Xint6
                0x0000000000110c1a                _Xint7
                0x0000000000110c25                _Xint8
                0x0000000000110c30                _Xint9
                0x0000000000110c3b                _Xint10
                0x0000000000110c46                _Xint11
                0x0000000000110c54                _Xint12
                0x0000000000110c62                _Xint13
                0x0000000000110c70                _Xint14
                0x0000000000110c7e                _Xint15
                0x0000000000110c8c                _Xint16
                0x0000000000110c9a                _Xint17
                0x0000000000110ca8                _Xint18
                0x0000000000110cb6                _Xint19
                0x0000000000110cc4                _Xint20
                0x0000000000110cd2                _Xint21
                0x0000000000110ce0                _Xint22
                0x0000000000110cee                _Xint23
                0x0000000000110cfc                _Xint24
                0x0000000000110d0a                _Xint25
                0x0000000000110d18                _Xint26
                0x0000000000110d26                _Xint27
                0x0000000000110d34                _Xint28
                0x0000000000110d42                _Xint29
                0x0000000000110d50                _Xint30
                0x0000000000110d5e                _Xint31
                0x0000000000110d6c                _Xint32
                0x0000000000110d7a                _Xint33
                0x0000000000110d88                _Xint34
                0x0000000000110d96                _Xint35
                0x0000000000110da4                _Xint36
                0x0000000000110db2                _Xint37
                0x0000000000110dc0                _Xint38
                0x0000000000110dce                _Xint39
                0x0000000000110ddc                _Xint40
                0x0000000000110dea                _Xint41
                0x0000000000110df8                _Xint42
                0x0000000000110e06                _Xint43
                0x0000000000110e14                _Xint44
                0x0000000000110e22                _Xint45
                0x0000000000110e30                _Xint46
                0x0000000000110e3e                defevec
 .text          0x0000000000110efe        0xf binaries/ttydispatch.o
                0x0000000000110efe                ttydispatch
 .text          0x0000000000110f0d       0x13 binaries/ethdispatch.o
                0x0000000000110f0d                ethdispatch
 *(.rodata .rodata.*)
 .rodata.str1.1
                0x0000000000110f20       0x54 binaries/ascdate.o
 .rodata.str1.4
                0x0000000000110f74       0x22 binaries/ascdate.o
 .rodata.str1.1
                0x0000000000110f96       0x54 binaries/blkQueue.o
                                          0x7 (size before relaxing)
 .rodata.str1.1
                0x0000000000110f96       0x5f binaries/conf.o
 *fill*         0x0000000000110ff5        0x3 
 .rodata.str1.4
                0x0000000000110ff8       0x4f binaries/early_imr.o
 *fill*         0x0000000000111047        0x1 
 .rodata        0x0000000000111048       0x33 binaries/early_imr.o
 .rodata.str1.1
                0x000000000011107b      0x20c binaries/evec.o
 *fill*         0x0000000000111287        0x1 
 .rodata.str1.4
                0x0000000000111288       0x23 binaries/evec.o
 .rodata.str1.1
                0x00000000001112ab        0xb binaries/getutime.o
 *fill*         0x00000000001112b6        0x2 
 .rodata.str1.4
                0x00000000001112b8       0x54 binaries/getutime.o
 .rodata.str1.1
                0x000000000011130c       0x63 binaries/initialize.o
                                         0x67 (size before relaxing)
 *fill*         0x000000000011136f        0x1 
 .rodata.str1.4
                0x0000000000111370       0xd4 binaries/initialize.o
 .rodata        0x0000000000111444       0x20 binaries/kill.o
 .rodata.str1.1
                0x0000000000111464       0x7c binaries/main.o
 .rodata.str1.4
                0x00000000001114e0       0x23 binaries/meminit.o
 .rodata.str1.1
                0x0000000000111503       0x1b binaries/meminit.o
 .rodata.str1.1
                0x000000000011151e        0xf binaries/panic.o
 .rodata.str1.1
                0x000000000011152d       0x1c binaries/ptinit.o
 *fill*         0x0000000000111549        0x3 
 .rodata.str1.4
                0x000000000011154c       0x25 binaries/ptsend.o
 .rodata.str1.1
                0x0000000000111571       0x22 binaries/quark_pdat.o
 .rodata.str1.1
                0x0000000000111593       0x1f binaries/send.o
 *fill*         0x00000000001115b2        0x2 
 .rodata.str1.4
                0x00000000001115b4       0x27 binaries/xdone.o
 *fill*         0x00000000001115db        0x5 
 .rodata        0x00000000001115e0       0x81 binaries/ctype_.o
                0x00000000001115e0                _ctype_
 .rodata.str1.1
                0x0000000000111661       0x29 binaries/doprnt.o
 *fill*         0x000000000011168a        0x2 
 .rodata        0x000000000011168c       0xc4 binaries/doprnt.o
 .rodata        0x0000000000111750       0x98 binaries/doscan.o
 .rodata.str1.1
                0x00000000001117e8       0x29 binaries/fdoprnt.o
 .rodata        0x00000000001117e8       0x84 binaries/fdoprnt.o
 .rodata        0x000000000011186c       0x20 binaries/ttycontrol.o
 .rodata.str1.4
                0x000000000011188c       0x4c binaries/naminit.o
 .rodata.str1.1
                0x00000000001118d8       0x32 binaries/naminit.o
                                         0x35 (size before relaxing)
 .rodata.str1.1
                0x000000000011190a       0x15 binaries/ethinit.o
 *fill*         0x000000000011191f        0x1 
 .rodata.str1.4
                0x0000000000111920       0x2e binaries/ethinit.o
 *fill*         0x000000000011194e        0x2 
 .rodata.str1.4
                0x0000000000111950       0x2c binaries/rdsbufalloc.o
 .rodata.str1.4
                0x000000000011197c       0x76 binaries/rdscomm.o
 *fill*         0x00000000001119f2        0x2 
 .rodata.str1.4
                0x00000000001119f4       0x48 binaries/rdscontrol.o
 .rodata.str1.4
                0x0000000000111a3c       0x7e binaries/rdsinit.o
 .rodata.str1.1
                0x0000000000111aba       0x18 binaries/rdsinit.o
 *fill*         0x0000000000111ad2        0x2 
 .rodata.str1.4
                0x0000000000111ad4       0x22 binaries/rdsopen.o
 *fill*         0x0000000000111af6        0x2 
 .rodata.str1.4
                0x0000000000111af8       0x4d binaries/rdsprocess.o
 .rodata.str1.1
                0x0000000000111b45        0x9 binaries/raminit.o
 .rodata.str1.1
                0x0000000000111b4e       0x13 binaries/lfdballoc.o
 *fill*         0x0000000000111b61        0x3 
 .rodata.str1.4
                0x0000000000111b64       0x23 binaries/lfdballoc.o
 .rodata.str1.1
                0x0000000000111b87       0x14 binaries/lfiballoc.o
 *fill*         0x0000000000111b9b        0x1 
 .rodata.str1.4
                0x0000000000111b9c       0x23 binaries/lflcontrol.o
 .rodata.str1.1
                0x0000000000111bbf       0x64 binaries/lfsckfmt.o
 *fill*         0x0000000000111c23        0x1 
 .rodata.str1.4
                0x0000000000111c24       0x51 binaries/lfsckfmt.o
 *fill*         0x0000000000111c75        0x3 
 .rodata.str1.4
                0x0000000000111c78       0x21 binaries/rflread.o
 .rodata.str1.4
                0x0000000000111c99       0x21 binaries/rflwrite.o
 *fill*         0x0000000000111c99        0x3 
 .rodata.str1.4
                0x0000000000111c9c       0x75 binaries/rfscomm.o
 *fill*         0x0000000000111d11        0x3 
 .rodata.str1.4
                0x0000000000111d14       0x23 binaries/rfscontrol.o
 *fill*         0x0000000000111d37        0x1 
 .rodata        0x0000000000111d38       0x18 binaries/rfscontrol.o
 .rodata.str1.1
                0x0000000000111d50       0x10 binaries/rfsinit.o
 .rodata.str1.4
                0x0000000000111d50       0x57 binaries/rfsinit.o
 *fill*         0x0000000000111da7        0x1 
 .rodata.str1.4
                0x0000000000111da8       0x2a binaries/rfsndmsg.o
 .rodata.str1.4
                0x0000000000111dd2       0x22 binaries/rfsopen.o
 .rodata.str1.1
                0x0000000000111dd2       0x19 binaries/arp.o
 *fill*         0x0000000000111deb        0x1 
 .rodata.str1.4
                0x0000000000111dec       0x21 binaries/arp.o
 *fill*         0x0000000000111e0d        0x3 
 .rodata.str1.4
                0x0000000000111e10       0xa6 binaries/dhcp.o
 .rodata.str1.1
                0x0000000000111eb6       0x4a binaries/dhcp.o
 .rodata.str1.1
                0x0000000000111f00       0x5a binaries/hexdump.o
                                         0x61 (size before relaxing)
 *fill*         0x0000000000111f5a        0x2 
 .rodata.str1.4
                0x0000000000111f5c       0x67 binaries/hexdump.o
 *fill*         0x0000000000111fc3        0x1 
 .rodata.str1.4
                0x0000000000111fc4       0x29 binaries/icmp.o
 .rodata.str1.1
                0x0000000000111fed       0x4e binaries/ip.o
 *fill*         0x000000000011203b        0x1 
 .rodata.str1.4
                0x000000000011203c       0x20 binaries/ip.o
 .rodata.str1.4
                0x000000000011205c       0x28 binaries/net.o
 .rodata.str1.1
                0x0000000000112084       0x27 binaries/net.o
 *fill*         0x00000000001120ab        0x1 
 .rodata.str1.4
                0x00000000001120ac       0xcf binaries/netstart.o
 .rodata.str1.1
                0x000000000011217b      0x141 binaries/pdump.o
                                        0x14b (size before relaxing)
 .rodata.str1.4
                0x00000000001122bc      0x126 binaries/pdump.o
 *fill*         0x00000000001123e2        0x2 
 .rodata.str1.4
                0x00000000001123e4      0x148 binaries/tftp.o
 .rodata.str1.1
                0x000000000011252c        0x6 binaries/tftp.o
                                          0xa (size before relaxing)
 .rodata.str1.1
                0x0000000000112532       0xe3 binaries/shell.o
                                         0xff (size before relaxing)
 *fill*         0x0000000000112615        0x3 
 .rodata.str1.4
                0x0000000000112618      0x1c4 binaries/shell.o
 *fill*         0x00000000001127dc        0x4 
 .rodata        0x00000000001127e0       0xfc binaries/shell.o
                0x00000000001127e0                cmdtab
 .rodata.str1.1
                0x00000000001128dc       0x26 binaries/xsh_argecho.o
                                         0x28 (size before relaxing)
 .rodata.str1.1
                0x0000000000112902       0x70 binaries/xsh_arp.o
                                         0x72 (size before relaxing)
 *fill*         0x0000000000112972        0x2 
 .rodata.str1.4
                0x0000000000112974       0xb4 binaries/xsh_arp.o
 .rodata.str1.1
                0x0000000000112a28       0x2d binaries/xsh_cat.o
                                         0x4f (size before relaxing)
 *fill*         0x0000000000112a55        0x3 
 .rodata.str1.4
                0x0000000000112a58       0x52 binaries/xsh_cat.o
                                         0x79 (size before relaxing)
 .rodata.str1.1
                0x0000000000112aaa       0x15 binaries/xsh_clear.o
 .rodata.str1.1
                0x0000000000112abf       0x46 binaries/xsh_date.o
                                         0x5f (size before relaxing)
 *fill*         0x0000000000112b05        0x3 
 .rodata.str1.4
                0x0000000000112b08      0x163 binaries/xsh_date.o
 .rodata.str1.1
                0x0000000000112c6b       0x5d binaries/xsh_devdump.o
 .rodata.str1.1
                0x0000000000112cc8        0x4 binaries/xsh_echo.o
                                          0x9 (size before relaxing)
 .rodata.str1.1
                0x0000000000112ccc       0x65 binaries/xsh_help.o
                                         0xa3 (size before relaxing)
 *fill*         0x0000000000112d31        0x3 
 .rodata.str1.4
                0x0000000000112d34       0x7c binaries/xsh_help.o
                                         0xc6 (size before relaxing)
 .rodata.str1.1
                0x0000000000112db0       0x9c binaries/xsh_ipaddr.o
                                         0xf8 (size before relaxing)
 .rodata.str1.4
                0x0000000000112e4c       0x4d binaries/xsh_ipaddr.o
                                         0x99 (size before relaxing)
 .rodata.str1.1
                0x0000000000112e99       0x78 binaries/xsh_kill.o
                                         0x97 (size before relaxing)
 *fill*         0x0000000000112f11        0x3 
 .rodata.str1.4
                0x0000000000112f14       0x4a binaries/xsh_kill.o
                                         0x96 (size before relaxing)
 .rodata.str1.1
                0x0000000000112f5e       0x84 binaries/xsh_memdump.o
                                         0xa8 (size before relaxing)
 *fill*         0x0000000000112fe2        0x2 
 .rodata.str1.4
                0x0000000000112fe4      0x15a binaries/xsh_memdump.o
                                        0x1aa (size before relaxing)
 .rodata.str1.1
                0x000000000011313e       0x40 binaries/xsh_memstat.o
                                         0x79 (size before relaxing)
 *fill*         0x000000000011317e        0x2 
 .rodata.str1.4
                0x0000000000113180      0x187 binaries/xsh_memstat.o
                                        0x1af (size before relaxing)
 .rodata.str1.1
                0x0000000000113307       0x90 binaries/xsh_ping.o
                                         0xaf (size before relaxing)
 *fill*         0x0000000000113397        0x1 
 .rodata.str1.4
                0x0000000000113398       0x77 binaries/xsh_ping.o
                                         0xc6 (size before relaxing)
 .rodata.str1.1
                0x000000000011340f       0x74 binaries/xsh_ps.o
                                         0xd5 (size before relaxing)
 *fill*         0x0000000000113483        0x1 
 .rodata.str1.4
                0x0000000000113484       0x80 binaries/xsh_ps.o
                                         0xd0 (size before relaxing)
 *fill*         0x0000000000113504       0x1c 
 .rodata        0x0000000000113520       0x20 binaries/xsh_ps.o
 .rodata.str1.1
                0x0000000000113540       0x31 binaries/xsh_sleep.o
                                         0x72 (size before relaxing)
 *fill*         0x0000000000113571        0x3 
 .rodata.str1.4
                0x0000000000113574       0x2a binaries/xsh_sleep.o
                                         0x7a (size before relaxing)
 .rodata.str1.1
                0x000000000011359e       0x6b binaries/xsh_udpdump.o
                                         0xd2 (size before relaxing)
 *fill*         0x0000000000113609        0x3 
 .rodata.str1.4
                0x000000000011360c       0x94 binaries/xsh_udpdump.o
                                         0xe4 (size before relaxing)
 .rodata.str1.1
                0x00000000001136a0       0xdb binaries/xsh_udpecho.o
                                         0xfa (size before relaxing)
 *fill*         0x000000000011377b        0x1 
 .rodata.str1.4
                0x000000000011377c       0xc7 binaries/xsh_udpecho.o
                                        0x116 (size before relaxing)
 .rodata.str1.1
                0x0000000000113843       0x66 binaries/xsh_udpeserver.o
                                         0x8f (size before relaxing)
 *fill*         0x00000000001138a9        0x3 
 .rodata.str1.4
                0x00000000001138ac       0x29 binaries/xsh_udpeserver.o
                                         0x9f (size before relaxing)
 .rodata.str1.1
                0x00000000001138d5       0x49 binaries/xsh_uptime.o
                                         0x8c (size before relaxing)
 *fill*         0x000000000011391e        0x2 
 .rodata.str1.4
                0x0000000000113920       0x28 binaries/xsh_uptime.o
                                         0x76 (size before relaxing)
                0x0000000000113948                etext = ABSOLUTE (.)
                0x0000000000114000                . = ALIGN (0x1000)
 *fill*         0x0000000000113948      0x6b8 

.eh_frame       0x0000000000114000     0x6858
 .eh_frame      0x0000000000114000       0x78 binaries/ascdate.o
 .eh_frame      0x0000000000114078       0x38 binaries/blkGet.o
                                         0x50 (size before relaxing)
 .eh_frame      0x00000000001140b0       0x54 binaries/blkQueue.o
                                         0x6c (size before relaxing)
 .eh_frame      0x0000000000114104       0x14 binaries/bufinit.o
                                         0x2c (size before relaxing)
 .eh_frame      0x0000000000114118       0x44 binaries/cbreg.o
                                         0x5c (size before relaxing)
 .eh_frame      0x000000000011415c       0x40 binaries/chprio.o
                                         0x58 (size before relaxing)
 .eh_frame      0x000000000011419c       0x18 binaries/clkhandler.o
                                         0x30 (size before relaxing)
 .eh_frame      0x00000000001141b4       0x3c binaries/clkinit.o
                                         0x54 (size before relaxing)
 .eh_frame      0x00000000001141f0       0x3c binaries/close.o
                                         0x54 (size before relaxing)
 .eh_frame      0x000000000011422c       0x44 binaries/control.o
                                         0x5c (size before relaxing)
 .eh_frame      0x0000000000114270       0x5c binaries/create.o
                                         0x74 (size before relaxing)
 .eh_frame      0x00000000001142cc      0x148 binaries/early_imr.o
                                        0x160 (size before relaxing)
 .eh_frame      0x0000000000114414      0x1a8 binaries/evec.o
                                        0x1c0 (size before relaxing)
 .eh_frame      0x00000000001145bc       0x50 binaries/freebuf.o
                                         0x68 (size before relaxing)
 .eh_frame      0x000000000011460c       0x58 binaries/freemem.o
                                         0x70 (size before relaxing)
 .eh_frame      0x0000000000114664       0x40 binaries/getbuf.o
                                         0x58 (size before relaxing)
 .eh_frame      0x00000000001146a4       0x3c binaries/getc.o
                                         0x54 (size before relaxing)
 .eh_frame      0x00000000001146e0       0x5c binaries/getdev.o
                                         0x74 (size before relaxing)
 .eh_frame      0x000000000011473c       0x4c binaries/getitem.o
                                         0x64 (size before relaxing)
 .eh_frame      0x0000000000114788       0x50 binaries/getmem.o
                                         0x68 (size before relaxing)
 .eh_frame      0x00000000001147d8       0x14 binaries/getNewQueue.o
                                         0x2c (size before relaxing)
 .eh_frame      0x00000000001147ec       0x14 binaries/getpid.o
                                         0x2c (size before relaxing)
 .eh_frame      0x0000000000114800       0x34 binaries/getprio.o
                                         0x4c (size before relaxing)
 .eh_frame      0x0000000000114834       0x58 binaries/getstk.o
                                         0x70 (size before relaxing)
 .eh_frame      0x000000000011488c       0x20 binaries/gettime.o
                                         0x38 (size before relaxing)
 .eh_frame      0x00000000001148ac       0x8c binaries/getutime.o
                                         0xa4 (size before relaxing)
 .eh_frame      0x0000000000114938       0x3c binaries/init.o
                                         0x54 (size before relaxing)
 .eh_frame      0x0000000000114974       0xdc binaries/initialize.o
                                         0xf4 (size before relaxing)
 .eh_frame      0x0000000000114a50       0x24 binaries/insert.o
                                         0x3c (size before relaxing)
 .eh_frame      0x0000000000114a74       0x38 binaries/insertd.o
                                         0x50 (size before relaxing)
 .eh_frame      0x0000000000114aac       0x14 binaries/ioerr.o
                                         0x2c (size before relaxing)
 .eh_frame      0x0000000000114ac0       0x14 binaries/ionull.o
                                         0x2c (size before relaxing)
 .eh_frame      0x0000000000114ad4       0x78 binaries/kill.o
                                         0x90 (size before relaxing)
 .eh_frame      0x0000000000114b4c       0x80 binaries/kprintf.o
                                         0x98 (size before relaxing)
 .eh_frame      0x0000000000114bcc       0xec binaries/main.o
                                        0x104 (size before relaxing)
 .eh_frame      0x0000000000114cb8       0x4c binaries/mark.o
                                         0x64 (size before relaxing)
 .eh_frame      0x0000000000114d04       0x74 binaries/meminit.o
                                         0x8c (size before relaxing)
 .eh_frame      0x0000000000114d78       0x74 binaries/mkbufpool.o
                                         0x8c (size before relaxing)
 .eh_frame      0x0000000000114dec       0x14 binaries/newqueue.o
                                         0x2c (size before relaxing)
 .eh_frame      0x0000000000114e00       0x44 binaries/open.o
                                         0x5c (size before relaxing)
 .eh_frame      0x0000000000114e44       0x20 binaries/panic.o
                                         0x38 (size before relaxing)
 .eh_frame      0x0000000000114e64       0xec binaries/pci.o
                                        0x104 (size before relaxing)
 .eh_frame      0x0000000000114f50       0x38 binaries/platinit.o
                                         0x50 (size before relaxing)
 .eh_frame      0x0000000000114f88       0x68 binaries/ptclear.o
                                         0x80 (size before relaxing)
 .eh_frame      0x0000000000114ff0       0x50 binaries/ptcount.o
                                         0x68 (size before relaxing)
 .eh_frame      0x0000000000115040       0x60 binaries/ptcreate.o
                                         0x78 (size before relaxing)
 .eh_frame      0x00000000001150a0       0x44 binaries/ptdelete.o
                                         0x5c (size before relaxing)
 .eh_frame      0x00000000001150e4       0x3c binaries/ptinit.o
                                         0x54 (size before relaxing)
 .eh_frame      0x0000000000115120       0x54 binaries/ptrecv.o
                                         0x6c (size before relaxing)
 .eh_frame      0x0000000000115174       0x44 binaries/ptreset.o
                                         0x5c (size before relaxing)
 .eh_frame      0x00000000001151b8       0x5c binaries/ptsend.o
                                         0x74 (size before relaxing)
 .eh_frame      0x0000000000115214       0x44 binaries/putc.o
                                         0x5c (size before relaxing)
 .eh_frame      0x0000000000115258       0x60 binaries/quark_irq.o
                                         0x78 (size before relaxing)
 .eh_frame      0x00000000001152b8       0xd0 binaries/quark_pdat.o
                                         0xe8 (size before relaxing)
 .eh_frame      0x0000000000115388       0x34 binaries/queue.o
                                         0x4c (size before relaxing)
 .eh_frame      0x00000000001153bc       0x44 binaries/read.o
                                         0x5c (size before relaxing)
 .eh_frame      0x0000000000115400       0x28 binaries/ready.o
                                         0x40 (size before relaxing)
 .eh_frame      0x0000000000115428       0x4c binaries/receive.o
                                         0x64 (size before relaxing)
 .eh_frame      0x0000000000115474       0x4c binaries/recvclr.o
                                         0x64 (size before relaxing)
 .eh_frame      0x00000000001154c0       0x68 binaries/recvtime.o
                                         0x80 (size before relaxing)
 .eh_frame      0x0000000000115528       0x5c binaries/resched.o
                                         0x74 (size before relaxing)
 .eh_frame      0x0000000000115584       0x48 binaries/resume.o
                                         0x60 (size before relaxing)
 .eh_frame      0x00000000001155cc       0x40 binaries/seek.o
                                         0x58 (size before relaxing)
 .eh_frame      0x000000000011560c       0x34 binaries/semcount.o
                                         0x4c (size before relaxing)
 .eh_frame      0x0000000000115640       0x40 binaries/semcreate.o
                                         0x58 (size before relaxing)
 .eh_frame      0x0000000000115680       0x5c binaries/semdelete.o
                                         0x74 (size before relaxing)
 .eh_frame      0x00000000001156dc       0x68 binaries/semreset.o
                                         0x80 (size before relaxing)
 .eh_frame      0x0000000000115744       0x6c binaries/sendblk.o
                                         0x84 (size before relaxing)
 .eh_frame      0x00000000001157b0       0x58 binaries/send.o
                                         0x70 (size before relaxing)
 .eh_frame      0x0000000000115808       0x50 binaries/signal.o
                                         0x68 (size before relaxing)
 .eh_frame      0x0000000000115858       0x5c binaries/signaln.o
                                         0x74 (size before relaxing)
 .eh_frame      0x00000000001158b4       0x74 binaries/sleep.o
                                         0x8c (size before relaxing)
 .eh_frame      0x0000000000115928       0x50 binaries/suspend.o
                                         0x68 (size before relaxing)
 .eh_frame      0x0000000000115978       0x44 binaries/unsleep.o
                                         0x5c (size before relaxing)
 .eh_frame      0x00000000001159bc       0x20 binaries/userret.o
                                         0x38 (size before relaxing)
 .eh_frame      0x00000000001159dc       0x50 binaries/wait.o
                                         0x68 (size before relaxing)
 .eh_frame      0x0000000000115a2c       0x2c binaries/wakeup.o
                                         0x44 (size before relaxing)
 .eh_frame      0x0000000000115a58       0x44 binaries/write.o
                                         0x5c (size before relaxing)
 .eh_frame      0x0000000000115a9c       0x1c binaries/xdone.o
                                         0x34 (size before relaxing)
 .eh_frame      0x0000000000115ab8       0x28 binaries/yield.o
                                         0x40 (size before relaxing)
 .eh_frame      0x0000000000115ae0       0x14 binaries/abs.o
                                         0x2c (size before relaxing)
 .eh_frame      0x0000000000115af4       0x24 binaries/atoi.o
                                         0x3c (size before relaxing)
 .eh_frame      0x0000000000115b18       0x24 binaries/atol.o
                                         0x3c (size before relaxing)
 .eh_frame      0x0000000000115b3c       0x14 binaries/bzero.o
                                         0x2c (size before relaxing)
 .eh_frame      0x0000000000115b50      0x130 binaries/doprnt.o
                                        0x148 (size before relaxing)
 .eh_frame      0x0000000000115c80      0x104 binaries/doscan.o
                                        0x11c (size before relaxing)
 .eh_frame      0x0000000000115d84       0xf4 binaries/fdoprnt.o
                                        0x10c (size before relaxing)
 .eh_frame      0x0000000000115e78       0x20 binaries/fgetc.o
                                         0x38 (size before relaxing)
 .eh_frame      0x0000000000115e98       0x44 binaries/fgets.o
                                         0x5c (size before relaxing)
 .eh_frame      0x0000000000115edc       0x24 binaries/fprintf.o
                                         0x3c (size before relaxing)
 .eh_frame      0x0000000000115f00       0x20 binaries/fputc.o
                                         0x38 (size before relaxing)
 .eh_frame      0x0000000000115f20       0x38 binaries/fputs.o
                                         0x50 (size before relaxing)
 .eh_frame      0x0000000000115f58       0x6c binaries/fscanf.o
                                         0x84 (size before relaxing)
 .eh_frame      0x0000000000115fc4       0x1c binaries/getchar.o
                                         0x34 (size before relaxing)
 .eh_frame      0x0000000000115fe0       0x14 binaries/labs.o
                                         0x2c (size before relaxing)
 .eh_frame      0x0000000000115ff4       0x14 binaries/memchr.o
                                         0x2c (size before relaxing)
 .eh_frame      0x0000000000116008       0x24 binaries/memcmp.o
                                         0x3c (size before relaxing)
 .eh_frame      0x000000000011602c       0x24 binaries/memcpy.o
                                         0x3c (size before relaxing)
 .eh_frame      0x0000000000116050       0x1c binaries/memset.o
                                         0x34 (size before relaxing)
 .eh_frame      0x000000000011606c       0x24 binaries/printf.o
                                         0x3c (size before relaxing)
 .eh_frame      0x0000000000116090       0x20 binaries/putchar.o
                                         0x38 (size before relaxing)
 .eh_frame      0x00000000001160b0       0xc0 binaries/qsort.o
                                         0xd8 (size before relaxing)
 .eh_frame      0x0000000000116170       0x28 binaries/rand.o
                                         0x40 (size before relaxing)
 .eh_frame      0x0000000000116198       0x48 binaries/sprintf.o
                                         0x60 (size before relaxing)
 .eh_frame      0x00000000001161e0       0x54 binaries/sscanf.o
                                         0x6c (size before relaxing)
 .eh_frame      0x0000000000116234       0x1c binaries/strchr.o
                                         0x34 (size before relaxing)
 .eh_frame      0x0000000000116250       0x1c binaries/strcmp.o
                                         0x34 (size before relaxing)
 .eh_frame      0x000000000011626c       0x14 binaries/strcpy.o
                                         0x2c (size before relaxing)
 .eh_frame      0x0000000000116280       0x14 binaries/strlen.o
                                         0x2c (size before relaxing)
 .eh_frame      0x0000000000116294       0x2c binaries/strncat.o
                                         0x44 (size before relaxing)
 .eh_frame      0x00000000001162c0       0x1c binaries/strncmp.o
                                         0x34 (size before relaxing)
 .eh_frame      0x00000000001162dc       0x30 binaries/strncpy.o
                                         0x48 (size before relaxing)
 .eh_frame      0x000000000011630c       0x1c binaries/strnlen.o
                                         0x34 (size before relaxing)
 .eh_frame      0x0000000000116328       0x1c binaries/strrchr.o
                                         0x34 (size before relaxing)
 .eh_frame      0x0000000000116344       0x38 binaries/strstr.o
                                         0x50 (size before relaxing)
 .eh_frame      0x000000000011637c       0x48 binaries/ttycontrol.o
                                         0x60 (size before relaxing)
 .eh_frame      0x00000000001163c4       0x38 binaries/ttygetc.o
                                         0x50 (size before relaxing)
 .eh_frame      0x00000000001163fc       0xd8 binaries/ttyhandle_in.o
                                         0xf0 (size before relaxing)
 .eh_frame      0x00000000001164d4       0x64 binaries/ttyhandle_out.o
                                         0x7c (size before relaxing)
 .eh_frame      0x0000000000116538       0x54 binaries/ttyhandler.o
                                         0x6c (size before relaxing)
 .eh_frame      0x000000000011658c       0x48 binaries/ttyinit.o
                                         0x60 (size before relaxing)
 .eh_frame      0x00000000001165d4       0x14 binaries/ttykickout.o
                                         0x2c (size before relaxing)
 .eh_frame      0x00000000001165e8       0x58 binaries/ttyputc.o
                                         0x70 (size before relaxing)
 .eh_frame      0x0000000000116640       0x60 binaries/ttyread.o
                                         0x78 (size before relaxing)
 .eh_frame      0x00000000001166a0       0x38 binaries/ttywrite.o
                                         0x50 (size before relaxing)
 .eh_frame      0x00000000001166d8       0x78 binaries/mount.o
                                         0x90 (size before relaxing)
 .eh_frame      0x0000000000116750       0xe4 binaries/naminit.o
                                         0xfc (size before relaxing)
 .eh_frame      0x0000000000116834       0xe8 binaries/nammap.o
                                        0x100 (size before relaxing)
 .eh_frame      0x000000000011691c       0x3c binaries/namopen.o
                                         0x54 (size before relaxing)
 .eh_frame      0x0000000000116958       0x3c binaries/colon2mac.o
                                         0x54 (size before relaxing)
 .eh_frame      0x0000000000116994       0x40 binaries/ethcontrol.o
                                         0x58 (size before relaxing)
 .eh_frame      0x00000000001169d4       0x58 binaries/ethhandler.o
                                         0x70 (size before relaxing)
 .eh_frame      0x0000000000116a2c      0x14c binaries/ethinit.o
                                        0x164 (size before relaxing)
 .eh_frame      0x0000000000116b78       0xa0 binaries/ethmcast.o
                                         0xb8 (size before relaxing)
 .eh_frame      0x0000000000116c18       0x80 binaries/ethread.o
                                         0x98 (size before relaxing)
 .eh_frame      0x0000000000116c98       0x44 binaries/ethwrite.o
                                         0x5c (size before relaxing)
 .eh_frame      0x0000000000116cdc       0x30 binaries/rdsbufalloc.o
                                         0x48 (size before relaxing)
 .eh_frame      0x0000000000116d0c       0x38 binaries/rdsclose.o
                                         0x50 (size before relaxing)
 .eh_frame      0x0000000000116d44       0x8c binaries/rdscomm.o
                                         0xa4 (size before relaxing)
 .eh_frame      0x0000000000116dd0       0xb0 binaries/rdscontrol.o
                                         0xc8 (size before relaxing)
 .eh_frame      0x0000000000116e80       0x90 binaries/rdsinit.o
                                         0xa8 (size before relaxing)
 .eh_frame      0x0000000000116f10       0x74 binaries/rdsopen.o
                                         0x8c (size before relaxing)
 .eh_frame      0x0000000000116f84       0xf8 binaries/rdsprocess.o
                                        0x110 (size before relaxing)
 .eh_frame      0x000000000011707c       0x7c binaries/rdsread.o
                                         0x94 (size before relaxing)
 .eh_frame      0x00000000001170f8       0x80 binaries/rdswrite.o
                                         0x98 (size before relaxing)
 .eh_frame      0x0000000000117178       0x14 binaries/ramclose.o
                                         0x2c (size before relaxing)
 .eh_frame      0x000000000011718c       0x2c binaries/raminit.o
                                         0x44 (size before relaxing)
 .eh_frame      0x00000000001171b8       0x14 binaries/ramopen.o
                                         0x2c (size before relaxing)
 .eh_frame      0x00000000001171cc       0x20 binaries/ramread.o
                                         0x38 (size before relaxing)
 .eh_frame      0x00000000001171ec       0x20 binaries/ramwrite.o
                                         0x38 (size before relaxing)
 .eh_frame      0x000000000011720c       0x64 binaries/lfdballoc.o
                                         0x7c (size before relaxing)
 .eh_frame      0x0000000000117270       0x40 binaries/lfdbfree.o
                                         0x58 (size before relaxing)
 .eh_frame      0x00000000001172b0       0x50 binaries/lfflush.o
                                         0x68 (size before relaxing)
 .eh_frame      0x0000000000117300       0x14 binaries/lfgetmode.o
                                         0x2c (size before relaxing)
 .eh_frame      0x0000000000117314       0x44 binaries/lfiballoc.o
                                         0x5c (size before relaxing)
 .eh_frame      0x0000000000117358       0x14 binaries/lfibclear.o
                                         0x2c (size before relaxing)
 .eh_frame      0x000000000011736c       0x4c binaries/lfibget.o
                                         0x64 (size before relaxing)
 .eh_frame      0x00000000001173b8       0x68 binaries/lfibput.o
                                         0x80 (size before relaxing)
 .eh_frame      0x0000000000117420       0x4c binaries/lflclose.o
                                         0x64 (size before relaxing)
 .eh_frame      0x000000000011746c       0x68 binaries/lflcontrol.o
                                         0x80 (size before relaxing)
 .eh_frame      0x00000000001174d4       0x54 binaries/lflgetc.o
                                         0x6c (size before relaxing)
 .eh_frame      0x0000000000117528       0x50 binaries/lflinit.o
                                         0x68 (size before relaxing)
 .eh_frame      0x0000000000117578       0x68 binaries/lflputc.o
                                         0x80 (size before relaxing)
 .eh_frame      0x00000000001175e0       0x44 binaries/lflread.o
                                         0x5c (size before relaxing)
 .eh_frame      0x0000000000117624       0x50 binaries/lflseek.o
                                         0x68 (size before relaxing)
 .eh_frame      0x0000000000117674       0x48 binaries/lflwrite.o
                                         0x60 (size before relaxing)
 .eh_frame      0x00000000001176bc       0xc8 binaries/lfsckfmt.o
                                         0xe0 (size before relaxing)
 .eh_frame      0x0000000000117784       0xd4 binaries/lfscreate.o
                                         0xec (size before relaxing)
 .eh_frame      0x0000000000117858       0xbc binaries/lfsetup.o
                                         0xd4 (size before relaxing)
 .eh_frame      0x0000000000117914       0x28 binaries/lfsinit.o
                                         0x40 (size before relaxing)
 .eh_frame      0x000000000011793c       0x90 binaries/lfsopen.o
                                         0xa8 (size before relaxing)
 .eh_frame      0x00000000001179cc       0x84 binaries/lftruncate.o
                                         0x9c (size before relaxing)
 .eh_frame      0x0000000000117a50       0x30 binaries/rflclose.o
                                         0x48 (size before relaxing)
 .eh_frame      0x0000000000117a80       0x24 binaries/rflgetc.o
                                         0x3c (size before relaxing)
 .eh_frame      0x0000000000117aa4       0x1c binaries/rflinit.o
                                         0x34 (size before relaxing)
 .eh_frame      0x0000000000117ac0       0x24 binaries/rflputc.o
                                         0x3c (size before relaxing)
 .eh_frame      0x0000000000117ae4       0xd8 binaries/rflread.o
                                         0xf0 (size before relaxing)
 .eh_frame      0x0000000000117bbc       0x30 binaries/rflseek.o
                                         0x48 (size before relaxing)
 .eh_frame      0x0000000000117bec       0xcc binaries/rflwrite.o
                                         0xe4 (size before relaxing)
 .eh_frame      0x0000000000117cb8       0x88 binaries/rfscomm.o
                                         0xa0 (size before relaxing)
 .eh_frame      0x0000000000117d40      0x110 binaries/rfscontrol.o
                                        0x128 (size before relaxing)
 .eh_frame      0x0000000000117e50       0x14 binaries/rfsgetmode.o
                                         0x2c (size before relaxing)
 .eh_frame      0x0000000000117e64       0x3c binaries/rfsinit.o
                                         0x54 (size before relaxing)
 .eh_frame      0x0000000000117ea0       0x3c binaries/rfsndmsg.o
                                         0x54 (size before relaxing)
 .eh_frame      0x0000000000117edc       0xd0 binaries/rfsopen.o
                                         0xe8 (size before relaxing)
 .eh_frame      0x0000000000117fac      0x244 binaries/arp.o
                                        0x25c (size before relaxing)
 .eh_frame      0x00000000001181f0      0x264 binaries/dhcp.o
                                        0x27c (size before relaxing)
 .eh_frame      0x0000000000118454       0x3c binaries/dot2ip.o
[...]
 .comment       0x0000000000000034       0x35 binaries/xsh_argecho.o
 .comment       0x0000000000000034       0x35 binaries/xsh_arp.o
 .comment       0x0000000000000034       0x35 binaries/xsh_cat.o
 .comment       0x0000000000000034       0x35 binaries/xsh_clear.o
 .comment       0x0000000000000034       0x35 binaries/xsh_date.o
 .comment       0x0000000000000034       0x35 binaries/xsh_devdump.o
 .comment       0x0000000000000034       0x35 binaries/xsh_echo.o
 .comment       0x0000000000000034       0x35 binaries/xsh_exit.o
 .comment       0x0000000000000034       0x35 binaries/xsh_help.o
 .comment       0x0000000000000034       0x35 binaries/xsh_ipaddr.o
 .comment       0x0000000000000034       0x35 binaries/xsh_kill.o
 .comment       0x0000000000000034       0x35 binaries/xsh_memdump.o
 .comment       0x0000000000000034       0x35 binaries/xsh_memstat.o
 .comment       0x0000000000000034       0x35 binaries/xsh_ping.o
 .comment       0x0000000000000034       0x35 binaries/xsh_ps.o
 .comment       0x0000000000000034       0x35 binaries/xsh_sleep.o
 .comment       0x0000000000000034       0x35 binaries/xsh_udpdump.o
 .comment       0x0000000000000034       0x35 binaries/xsh_udpecho.o
 .comment       0x0000000000000034       0x35 binaries/xsh_udpeserver.o
 .comment       0x0000000000000034       0x35 binaries/xsh_uptime.o

.note.GNU-stack
                0x0000000000000000        0x0
 .note.GNU-stack
                0x0000000000000000        0x0 binaries/ascdate.o
 .note.GNU-stack
                0x0000000000000000        0x0 binaries/blkGet.o
 .note.GNU-stack
                0x0000000000000000        0x0 binaries/blkQueue.o
 .note.GNU-stack
                0x0000000000000000        0x0 binaries/bufinit.o
 .note.GNU-stack
                0x0000000000000000        0x0 binaries/cbreg.o
 .note.GNU-stack
                0x0000000000000000        0x0 binaries/chprio.o
 .note.GNU-stack
                0x0000000000000000        0x0 binaries/clkhandler.o
 .note.GNU-stack
                0x0000000000000000        0x0 binaries/clkinit.o
 .note.GNU-stack
                0x0000000000000000        0x0 binaries/close.o
 .note.GNU-stack
                0x0000000000000000        0x0 binaries/conf.o
 .note.GNU-stack
                0x0000000000000000        0x0 binaries/control.o
 .note.GNU-stack
                0x0000000000000000        0x0 binaries/create.o
 .note.GNU-stack
                0x0000000000000000        0x0 binaries/early_imr.o
 .note.GNU-stack
                0x0000000000000000        0x0 binaries/evec.o
 .note.GNU-stack
                0x0000000000000000        0x0 binaries/freebuf.o
 .note.GNU-stack
                0x0000000000000000        0x0 binaries/freemem.o
 .note.GNU-stack
                0x0000000000000000        0x0 binaries/getbuf.o
 .note.GNU-stack
                0x0000000000000000        0x0 binaries/getc.o
 .note.GNU-stack
                0x0000000000000000        0x0 binaries/getdev.o
 .note.GNU-stack
                0x0000000000000000        0x0 binaries/getitem.o
 .note.GNU-stack
                0x0000000000000000        0x0 binaries/getmem.o
 .note.GNU-stack
                0x0000000000000000        0x0 binaries/getNewQueue.o
 .note.GNU-stack
                0x0000000000000000        0x0 binaries/getpid.o
 .note.GNU-stack
                0x0000000000000000        0x0 binaries/getprio.o
 .note.GNU-stack
                0x0000000000000000        0x0 binaries/getstk.o
 .note.GNU-stack
                0x0000000000000000        0x0 binaries/gettime.o
 .note.GNU-stack
                0x0000000000000000        0x0 binaries/getutime.o
 .note.GNU-stack
                0x0000000000000000        0x0 binaries/init.o
 .note.GNU-stack
                0x0000000000000000        0x0 binaries/initialize.o
 .note.GNU-stack
                0x0000000000000000        0x0 binaries/insert.o
 .note.GNU-stack
                0x0000000000000000        0x0 binaries/insertd.o
 .note.GNU-stack
                0x0000000000000000        0x0 binaries/ioerr.o
 .note.GNU-stack
                0x0000000000000000        0x0 binaries/ionull.o
 .note.GNU-stack
                0x0000000000000000        0x0 binaries/kill.o
 .note.GNU-stack
                0x0000000000000000        0x0 binaries/kprintf.o
 .note.GNU-stack
                0x0000000000000000        0x0 binaries/main.o
 .note.GNU-stack
                0x0000000000000000        0x0 binaries/mark.o
 .note.GNU-stack
                0x0000000000000000        0x0 binaries/meminit.o
 .note.GNU-stack
                0x0000000000000000        0x0 binaries/mkbufpool.o
 .note.GNU-stack
                0x0000000000000000        0x0 binaries/newqueue.o
 .note.GNU-stack
                0x0000000000000000        0x0 binaries/open.o
 .note.GNU-stack
                0x0000000000000000        0x0 binaries/panic.o
 .note.GNU-stack
                0x0000000000000000        0x0 binaries/pci.o
 .note.GNU-stack
                0x0000000000000000        0x0 binaries/platinit.o
 .note.GNU-stack
                0x0000000000000000        0x0 binaries/ptclear.o
 .note.GNU-stack
                0x0000000000000000        0x0 binaries/ptcount.o
 .note.GNU-stack
                0x0000000000000000        0x0 binaries/ptcreate.o
 .note.GNU-stack
                0x0000000000000000        0x0 binaries/ptdelete.o
 .note.GNU-stack
                0x0000000000000000        0x0 binaries/ptinit.o
 .note.GNU-stack
                0x0000000000000000        0x0 binaries/ptrecv.o
 .note.GNU-stack
                0x0000000000000000        0x0 binaries/ptreset.o
 .note.GNU-stack
                0x0000000000000000        0x0 binaries/ptsend.o
 .note.GNU-stack
                0x0000000000000000        0x0 binaries/putc.o
 .note.GNU-stack
                0x0000000000000000        0x0 binaries/quark_irq.o
 .note.GNU-stack
                0x0000000000000000        0x0 binaries/quark_pdat.o
 .note.GNU-stack
                0x0000000000000000        0x0 binaries/queue.o
 .note.GNU-stack
                0x0000000000000000        0x0 binaries/read.o
 .note.GNU-stack
                0x0000000000000000        0x0 binaries/ready.o
 .note.GNU-stack
                0x0000000000000000        0x0 binaries/receive.o
 .note.GNU-stack
                0x0000000000000000        0x0 binaries/recvclr.o
 .note.GNU-stack
                0x0000000000000000        0x0 binaries/recvtime.o
 .note.GNU-stack
                0x0000000000000000        0x0 binaries/resched.o
 .note.GNU-stack
                0x0000000000000000        0x0 binaries/resume.o
 .note.GNU-stack
                0x0000000000000000        0x0 binaries/seek.o
 .note.GNU-stack
                0x0000000000000000        0x0 binaries/semcount.o
 .note.GNU-stack
                0x0000000000000000        0x0 binaries/semcreate.o
 .note.GNU-stack
                0x0000000000000000        0x0 binaries/semdelete.o
 .note.GNU-stack
                0x0000000000000000        0x0 binaries/semreset.o
 .note.GNU-stack
                0x0000000000000000        0x0 binaries/sendblk.o
 .note.GNU-stack
                0x0000000000000000        0x0 binaries/send.o
 .note.GNU-stack
                0x0000000000000000        0x0 binaries/signal.o
 .note.GNU-stack
                0x0000000000000000        0x0 binaries/signaln.o
 .note.GNU-stack
                0x0000000000000000        0x0 binaries/sleep.o
 .note.GNU-stack
                0x0000000000000000        0x0 binaries/suspend.o
 .note.GNU-stack
                0x0000000000000000        0x0 binaries/unsleep.o
 .note.GNU-stack
                0x0000000000000000        0x0 binaries/userret.o
 .note.GNU-stack
                0x0000000000000000        0x0 binaries/wait.o
 .note.GNU-stack
                0x0000000000000000        0x0 binaries/wakeup.o
 .note.GNU-stack
                0x0000000000000000        0x0 binaries/write.o
 .note.GNU-stack
                0x0000000000000000        0x0 binaries/xdone.o
 .note.GNU-stack
                0x0000000000000000        0x0 binaries/yield.o
 .note.GNU-stack
                0x0000000000000000        0x0 binaries/abs.o
 .note.GNU-stack
                0x0000000000000000        0x0 binaries/atoi.o
 .note.GNU-stack
                0x0000000000000000        0x0 binaries/atol.o
 .note.GNU-stack
                0x0000000000000000        0x0 binaries/bzero.o
 .note.GNU-stack
                0x0000000000000000        0x0 binaries/ctype_.o
 .note.GNU-stack
                0x0000000000000000        0x0 binaries/doprnt.o
 .note.GNU-stack
                0x0000000000000000        0x0 binaries/doscan.o
 .note.GNU-stack
                0x0000000000000000        0x0 binaries/fdoprnt.o
 .note.GNU-stack
                0x0000000000000000        0x0 binaries/fgetc.o
 .note.GNU-stack
                0x0000000000000000        0x0 binaries/fgets.o
 .note.GNU-stack
                0x0000000000000000        0x0 binaries/fprintf.o
 .note.GNU-stack
                0x0000000000000000        0x0 binaries/fputc.o
 .note.GNU-stack
                0x0000000000000000        0x0 binaries/fputs.o
 .note.GNU-stack
                0x0000000000000000        0x0 binaries/fscanf.o
 .note.GNU-stack
                0x0000000000000000        0x0 binaries/getchar.o
 .note.GNU-stack
                0x0000000000000000        0x0 binaries/labs.o
 .note.GNU-stack
                0x0000000000000000        0x0 binaries/memchr.o
 .note.GNU-stack
                0x0000000000000000        0x0 binaries/memcmp.o
 .note.GNU-stack
                0x0000000000000000        0x0 binaries/memcpy.o
 .note.GNU-stack
                0x0000000000000000        0x0 binaries/memset.o
 .note.GNU-stack
                0x0000000000000000        0x0 binaries/printf.o
 .note.GNU-stack
                0x0000000000000000        0x0 binaries/putchar.o
 .note.GNU-stack
                0x0000000000000000        0x0 binaries/qsort.o
 .note.GNU-stack
                0x0000000000000000        0x0 binaries/rand.o
 .note.GNU-stack
                0x0000000000000000        0x0 binaries/sprintf.o
 .note.GNU-stack
                0x0000000000000000        0x0 binaries/sscanf.o
 .note.GNU-stack
                0x0000000000000000        0x0 binaries/strchr.o
 .note.GNU-stack
                0x0000000000000000        0x0 binaries/strcmp.o
 .note.GNU-stack
                0x0000000000000000        0x0 binaries/strcpy.o
 .note.GNU-stack
                0x0000000000000000        0x0 binaries/strlen.o
 .note.GNU-stack
                0x0000000000000000        0x0 binaries/strncat.o
 .note.GNU-stack
                0x0000000000000000        0x0 binaries/strncmp.o
 .note.GNU-stack
                0x0000000000000000        0x0 binaries/strncpy.o
 .note.GNU-stack
                0x0000000000000000        0x0 binaries/strnlen.o
 .note.GNU-stack
                0x0000000000000000        0x0 binaries/strrchr.o
 .note.GNU-stack
                0x0000000000000000        0x0 binaries/strstr.o
 .note.GNU-stack
                0x0000000000000000        0x0 binaries/ttycontrol.o
 .note.GNU-stack
                0x0000000000000000        0x0 binaries/ttygetc.o
 .note.GNU-stack
                0x0000000000000000        0x0 binaries/ttyhandle_in.o
 .note.GNU-stack
                0x0000000000000000        0x0 binaries/ttyhandle_out.o
 .note.GNU-stack
                0x0000000000000000        0x0 binaries/ttyhandler.o
 .note.GNU-stack
                0x0000000000000000        0x0 binaries/ttyinit.o
 .note.GNU-stack
                0x0000000000000000        0x0 binaries/ttykickout.o
 .note.GNU-stack
                0x0000000000000000        0x0 binaries/ttyputc.o
 .note.GNU-stack
                0x0000000000000000        0x0 binaries/ttyread.o
 .note.GNU-stack
                0x0000000000000000        0x0 binaries/ttywrite.o
 .note.GNU-stack
                0x0000000000000000        0x0 binaries/mount.o
 .note.GNU-stack
                0x0000000000000000        0x0 binaries/naminit.o
 .note.GNU-stack
                0x0000000000000000        0x0 binaries/nammap.o
 .note.GNU-stack
                0x0000000000000000        0x0 binaries/namopen.o
 .note.GNU-stack
                0x0000000000000000        0x0 binaries/colon2mac.o
 .note.GNU-stack
                0x0000000000000000        0x0 binaries/ethcontrol.o
 .note.GNU-stack
                0x0000000000000000        0x0 binaries/ethhandler.o
 .note.GNU-stack
                0x0000000000000000        0x0 binaries/ethinit.o
 .note.GNU-stack
                0x0000000000000000        0x0 binaries/ethmcast.o
 .note.GNU-stack
                0x0000000000000000        0x0 binaries/ethread.o
 .note.GNU-stack
                0x0000000000000000        0x0 binaries/ethwrite.o
 .note.GNU-stack
                0x0000000000000000        0x0 binaries/rdsbufalloc.o
 .note.GNU-stack
                0x0000000000000000        0x0 binaries/rdsclose.o
 .note.GNU-stack
                0x0000000000000000        0x0 binaries/rdscomm.o
 .note.GNU-stack
                0x0000000000000000        0x0 binaries/rdscontrol.o
 .note.GNU-stack
                0x0000000000000000        0x0 binaries/rdsinit.o
 .note.GNU-stack
                0x0000000000000000        0x0 binaries/rdsopen.o
 .note.GNU-stack
                0x0000000000000000        0x0 binaries/rdsprocess.o
 .note.GNU-stack
                0x0000000000000000        0x0 binaries/rdsread.o
 .note.GNU-stack
                0x0000000000000000        0x0 binaries/rdswrite.o
 .note.GNU-stack
                0x0000000000000000        0x0 binaries/ramclose.o
 .note.GNU-stack
                0x0000000000000000        0x0 binaries/raminit.o
 .note.GNU-stack
                0x0000000000000000        0x0 binaries/ramopen.o
 .note.GNU-stack
                0x0000000000000000        0x0 binaries/ramread.o
 .note.GNU-stack
                0x0000000000000000        0x0 binaries/ramwrite.o
 .note.GNU-stack
                0x0000000000000000        0x0 binaries/lfdballoc.o
 .note.GNU-stack
                0x0000000000000000        0x0 binaries/lfdbfree.o
 .note.GNU-stack
                0x0000000000000000        0x0 binaries/lfflush.o
 .note.GNU-stack
                0x0000000000000000        0x0 binaries/lfgetmode.o
 .note.GNU-stack
                0x0000000000000000        0x0 binaries/lfiballoc.o
 .note.GNU-stack
                0x0000000000000000        0x0 binaries/lfibclear.o
 .note.GNU-stack
                0x0000000000000000        0x0 binaries/lfibget.o
 .note.GNU-stack
                0x0000000000000000        0x0 binaries/lfibput.o
 .note.GNU-stack
                0x0000000000000000        0x0 binaries/lflclose.o
 .note.GNU-stack
                0x0000000000000000        0x0 binaries/lflcontrol.o
 .note.GNU-stack
                0x0000000000000000        0x0 binaries/lflgetc.o
 .note.GNU-stack
                0x0000000000000000        0x0 binaries/lflinit.o
 .note.GNU-stack
                0x0000000000000000        0x0 binaries/lflputc.o
 .note.GNU-stack
                0x0000000000000000        0x0 binaries/lflread.o
 .note.GNU-stack
                0x0000000000000000        0x0 binaries/lflseek.o
 .note.GNU-stack
                0x0000000000000000        0x0 binaries/lflwrite.o
 .note.GNU-stack
                0x0000000000000000        0x0 binaries/lfsckfmt.o
 .note.GNU-stack
                0x0000000000000000        0x0 binaries/lfscreate.o
 .note.GNU-stack
                0x0000000000000000        0x0 binaries/lfsetup.o
 .note.GNU-stack
                0x0000000000000000        0x0 binaries/lfsinit.o
 .note.GNU-stack
                0x0000000000000000        0x0 binaries/lfsopen.o
 .note.GNU-stack
                0x0000000000000000        0x0 binaries/lftruncate.o
 .note.GNU-stack
                0x0000000000000000        0x0 binaries/rflclose.o
 .note.GNU-stack
                0x0000000000000000        0x0 binaries/rflgetc.o
 .note.GNU-stack
                0x0000000000000000        0x0 binaries/rflinit.o
 .note.GNU-stack
                0x0000000000000000        0x0 binaries/rflputc.o
 .note.GNU-stack
                0x0000000000000000        0x0 binaries/rflread.o
 .note.GNU-stack
                0x0000000000000000        0x0 binaries/rflseek.o
 .note.GNU-stack
                0x0000000000000000        0x0 binaries/rflwrite.o
 .note.GNU-stack
                0x0000000000000000        0x0 binaries/rfscomm.o
 .note.GNU-stack
                0x0000000000000000        0x0 binaries/rfscontrol.o
 .note.GNU-stack
                0x0000000000000000        0x0 binaries/rfsgetmode.o
 .note.GNU-stack
                0x0000000000000000        0x0 binaries/rfsinit.o
 .note.GNU-stack
                0x0000000000000000        0x0 binaries/rfsndmsg.o
 .note.GNU-stack
                0x0000000000000000        0x0 binaries/rfsopen.o
 .note.GNU-stack
                0x0000000000000000        0x0 binaries/arp.o
 .note.GNU-stack
                0x0000000000000000        0x0 binaries/dhcp.o
 .note.GNU-stack
                0x0000000000000000        0x0 binaries/dot2ip.o
 .note.GNU-stack
                0x0000000000000000        0x0 binaries/hexdump.o
 .note.GNU-stack
                0x0000000000000000        0x0 binaries/icmp.o
 .note.GNU-stack
                0x0000000000000000        0x0 binaries/ip.o
 .note.GNU-stack
                0x0000000000000000        0x0 binaries/net.o
 .note.GNU-stack
                0x0000000000000000        0x0 binaries/netstart.o
 .note.GNU-stack
                0x0000000000000000        0x0 binaries/pdump.o
 .note.GNU-stack
                0x0000000000000000        0x0 binaries/tftp.o
 .note.GNU-stack
                0x0000000000000000        0x0 binaries/udp.o
 .note.GNU-stack
                0x0000000000000000        0x0 binaries/addargs.o
 .note.GNU-stack
                0x0000000000000000        0x0 binaries/lexan.o
 .note.GNU-stack
                0x0000000000000000        0x0 binaries/shell.o
 .note.GNU-stack
                0x0000000000000000        0x0 binaries/xsh_argecho.o
 .note.GNU-stack
                0x0000000000000000        0x0 binaries/xsh_arp.o
 .note.GNU-stack
                0x0000000000000000        0x0 binaries/xsh_cat.o
 .note.GNU-stack
                0x0000000000000000        0x0 binaries/xsh_clear.o
 .note.GNU-stack
                0x0000000000000000        0x0 binaries/xsh_date.o
 .note.GNU-stack
                0x0000000000000000        0x0 binaries/xsh_devdump.o
 .note.GNU-stack
                0x0000000000000000        0x0 binaries/xsh_echo.o
 .note.GNU-stack
                0x0000000000000000        0x0 binaries/xsh_exit.o
 .note.GNU-stack
                0x0000000000000000        0x0 binaries/xsh_help.o
 .note.GNU-stack
                0x0000000000000000        0x0 binaries/xsh_ipaddr.o
 .note.GNU-stack
                0x0000000000000000        0x0 binaries/xsh_kill.o
 .note.GNU-stack
                0x0000000000000000        0x0 binaries/xsh_memdump.o
 .note.GNU-stack
                0x0000000000000000        0x0 binaries/xsh_memstat.o
 .note.GNU-stack
                0x0000000000000000        0x0 binaries/xsh_ping.o
 .note.GNU-stack
                0x0000000000000000        0x0 binaries/xsh_ps.o
 .note.GNU-stack
                0x0000000000000000        0x0 binaries/xsh_sleep.o
 .note.GNU-stack
                0x0000000000000000        0x0 binaries/xsh_udpdump.o
 .note.GNU-stack
                0x0000000000000000        0x0 binaries/xsh_udpecho.o
 .note.GNU-stack
                0x0000000000000000        0x0 binaries/xsh_udpeserver.o
 .note.GNU-stack
                0x0000000000000000        0x0 binaries/xsh_uptime.o
